<html>
<body>
<pre>
<h1>µVision Build Log</h1>
<h2>Project:</h2>
C:\Temp\DMSTM_L_StdPeriph_Lib_V3.5.0\Project\LMT01_example\MDK-ARM\Project.uvproj
Project File Date:  07/26/2017

<h2>Output:</h2>
Build target 'USART'
compiling stm32f10x_it.c...
..\stm32f10x_it.c(161): error:  #20: identifier "EVAL_COM1" is undefined
..\stm32f10x_it.c(190): error:  #20: identifier "tempPluseCount" is undefined
compiling main.c...
Target not created
Build target 'USART'
compiling stm32f10x_it.c...
..\stm32f10x_it.c(164): error:  #20: identifier "EVAL_COM1" is undefined
..\stm32f10x_it.c(190): error:  #20: identifier "tempPluseCount" is undefined
Target not created
Build target 'USART'
compiling stm32f10x_it.c...
..\stm32f10x_it.c(190): error:  #20: identifier "tempPluseCount" is undefined
Target not created
Build target 'USART'
compiling stm32f10x_it.c...
linking...
.\STM32F103\DMSTM-L-USART.axf: Error: L6200E: Symbol tempPluseCount multiply defined (by main.o and stm32f10x_it.o).
Target not created
Build target 'USART'
compiling stm32f10x_it.c...
linking...
Program Size: Code=2464 RO-data=340 RW-data=128 ZI-data=1056  
FromELF: creating hex file...
".\STM32F103\DMSTM-L-USART.axf" - 0 Error(s), 0 Warning(s).
Load "C:\\Temp\\DMSTM_L_StdPeriph_Lib_V3.5.0\\Project\\LMT01_example\\MDK-ARM\\STM32F103\\DMSTM-L-USART.AXF" 
Erase Done.
Programming Done.
Verify OK.
Application running ...
Build target 'USART'
compiling stm32f10x_it.c...
linking...
Program Size: Code=2464 RO-data=340 RW-data=32 ZI-data=1088  
FromELF: creating hex file...
".\STM32F103\DMSTM-L-USART.axf" - 0 Error(s), 0 Warning(s).
Load "C:\\Temp\\DMSTM_L_StdPeriph_Lib_V3.5.0\\Project\\LMT01_example\\MDK-ARM\\STM32F103\\DMSTM-L-USART.AXF" 
Erase Done.
Programming Done.
Verify OK.
Application running ...
Clean started: Project: 'Project'
   deleting intermediate output files for target 'USART'
   deleting intermediate output files for target 'STM3210E-EVAL_XL'
   deleting intermediate output files for target 'STM32100B-EVAL'
   deleting intermediate output files for target 'STM3210C-EVAL'
   deleting intermediate output files for target 'STM3210E-EVAL'
   deleting intermediate output files for target 'STM3210B-EVAL'
Build target 'USART'
compiling stm32f10x_it.c...
compiling main.c...
compiling stm32f10x_rcc.c...
compiling stm32f10x_gpio.c...
compiling misc.c...
compiling stm32f10x_exti.c...
compiling stm32f10x_spi.c...
compiling stm32f10x_fsmc.c...
compiling stm32f10x_usart.c...
compiling stm32f10x_sdio.c...
compiling stm32f10x_dma.c...
compiling stm32f10x_i2c.c...
compiling stm32f10x_adc.c...
compiling stm32f10x_bkp.c...
compiling stm32f10x_can.c...
compiling stm32f10x_cec.c...
compiling stm32f10x_crc.c...
compiling stm32f10x_dac.c...
compiling stm32f10x_dbgmcu.c...
compiling stm32f10x_flash.c...
compiling stm32f10x_iwdg.c...
compiling stm32f10x_pwr.c...
compiling stm32f10x_rtc.c...
compiling stm32f10x_tim.c...
compiling stm32f10x_wwdg.c...
compiling core_cm3.c...
compiling system_stm32f10x.c...
assembling startup_stm32f10x_hd_vl.s...
linking...
Program Size: Code=2464 RO-data=340 RW-data=32 ZI-data=1088  
FromELF: creating hex file...
".\STM32F103\DMSTM-L-USART.axf" - 0 Error(s), 0 Warning(s).
Build target 'USART'
linking...
Program Size: Code=2464 RO-data=340 RW-data=32 ZI-data=1088  
FromELF: creating hex file...
".\STM32F103\DMSTM-L-USART.axf" - 0 Error(s), 0 Warning(s).
Load "C:\\Temp\\DMSTM_L_StdPeriph_Lib_V3.5.0\\Project\\LMT01_example\\MDK-ARM\\STM32F103\\DMSTM-L-USART.AXF" 
Erase Done.
Programming Done.
Verify OK.
Application running ...
Clean started: Project: 'Project'
   deleting intermediate output files for target 'USART'
   deleting intermediate output files for target 'STM3210E-EVAL_XL'
   deleting intermediate output files for target 'STM32100B-EVAL'
   deleting intermediate output files for target 'STM3210C-EVAL'
   deleting intermediate output files for target 'STM3210E-EVAL'
   deleting intermediate output files for target 'STM3210B-EVAL'
Clean started: Project: 'Project'
   deleting intermediate output files for target 'USART'
   deleting intermediate output files for target 'STM3210E-EVAL_XL'
   deleting intermediate output files for target 'STM32100B-EVAL'
   deleting intermediate output files for target 'STM3210C-EVAL'
   deleting intermediate output files for target 'STM3210E-EVAL'
   deleting intermediate output files for target 'STM3210B-EVAL'
